Tfalsevalid todo 1
Dfalsevalid deadline 1due date
Efalsevalid event 2event time
Dfalsevalid deadline 2due date 2
Efalsevalid event 2event time 2
